// Jest Snapshot v1, https://goo.gl/fbAQLP

exports[`Inside items are displayed correctly 1`] = `
<li
  className="property__inside-item"
>
  item
</li>
`;
