// Jest Snapshot v1, https://goo.gl/fbAQLP

exports[`Offer details are displayed correctly 1`] = `
<div
  className="page"
>
  <Header
    isInner={true}
  />
  <main
    className="page__main page__main--property"
  >
    <section
      className="property"
    >
      <div
        className="property__gallery-container container"
      >
        <div
          className="property__gallery"
        >
          <div
            className="property__image-wrapper"
          >
            <img
              alt="Photo studio"
              className="property__image"
              src="img/1.png"
            />
          </div>
          <div
            className="property__image-wrapper"
          >
            <img
              alt="Photo studio"
              className="property__image"
              src="img/2.png"
            />
          </div>
        </div>
      </div>
      <div
        className="property__container container"
      >
        <div
          className="property__wrapper"
        >
          <div
            className="property__mark"
          >
            <span>
              Premium
            </span>
          </div>
          <div
            className="property__name-wrapper"
          >
            <h1
              className="property__name"
            >
              Beautiful & luxurious studio at great location
            </h1>
            <button
              className="property__bookmark-button button"
              onClick={[Function]}
              type="button"
            >
              <svg
                className="property__bookmark-icon"
                height="33"
                width="31"
              >
                <use
                  xlinkHref="#icon-bookmark"
                />
              </svg>
              <span
                className="visually-hidden"
              >
                To bookmarks
              </span>
            </button>
          </div>
          <div
            className="property__rating rating"
          >
            <div
              className="property__stars rating__stars"
            >
              <span
                style={
                  Object {
                    "width": "96%",
                  }
                }
              />
              <span
                className="visually-hidden"
              >
                Rating
              </span>
            </div>
            <span
              className="property__rating-value rating__value"
            >
               
              4.8
            </span>
          </div>
          <ul
            className="property__features"
          >
            <li
              className="property__feature property__feature--entire"
            >
              Entire place
            </li>
            <li
              className="property__feature property__feature--bedrooms"
            >
              3
               bedrooms
            </li>
            <li
              className="property__feature property__feature--adults"
            >
              Max 
              4
               adults
            </li>
          </ul>
          <div
            className="property__price"
          >
            <b
              className="property__price-value"
            >
              €
              120
            </b>
            <span
              className="property__price-text"
            >
               night
            </span>
          </div>
          <div
            className="property__inside"
          >
            <h2
              className="property__inside-title"
            >
              What's inside
            </h2>
            <ul
              className="property__inside-list"
            >
              <li
                className="property__inside-item"
              >
                Heating
              </li>
              <li
                className="property__inside-item"
              >
                Kitchen
              </li>
              <li
                className="property__inside-item"
              >
                Cable TV
              </li>
            </ul>
          </div>
          <div
            className="property__host"
          >
            <h2
              className="property__host-title"
            >
              Meet the host
            </h2>
            <div
              className="property__host-user user"
            >
              <div
                className="property__avatar-wrapper property__avatar-wrapper--pro user__avatar-wrapper"
              >
                <img
                  alt="Host avatar"
                  className="property__avatar user__avatar"
                  height="74"
                  src="../img/1.png"
                  width="74"
                />
              </div>
              <span
                className="property__user-name"
              >
                Angelina
              </span>
              <span
                className="property__user-status"
              >
                Pro
              </span>
            </div>
            <div
              className="property__description"
            >
              <p
                className="property__text"
              >
                A quiet cozy and picturesque that hides behind a a river by the unique lightness of Amsterdam.
              </p>
            </div>
          </div>
          <section
            className="property__reviews reviews"
          >
            <h2
              className="reviews__title"
            >
              Reviews · 
              <span
                className="reviews__amount"
              >
                1
              </span>
            </h2>
            <ul
              className="reviews__list"
            >
              <li
                className="reviews__item"
              >
                <div
                  className="reviews__user user"
                >
                  <div
                    className="reviews__avatar-wrapper user__avatar-wrapper"
                  >
                    <img
                      alt="Reviews avatar"
                      className="reviews__avatar user__avatar"
                      height="54"
                      src="img/1.png"
                      width="54"
                    />
                  </div>
                  <span
                    className="reviews__user-name"
                  >
                    Max
                  </span>
                </div>
                <div
                  className="reviews__info"
                >
                  <div
                    className="reviews__rating rating"
                  >
                    <div
                      className="reviews__stars rating__stars"
                    >
                      <span
                        style={
                          Object {
                            "width": "1694%",
                          }
                        }
                      />
                      <span
                        className="visually-hidden"
                      >
                        Rating
                      </span>
                    </div>
                  </div>
                  <p
                    className="reviews__text"
                  >
                    A quiet cozy and picturesque that hides behind a a river by the unique lightness of Amsterdam.
                  </p>
                  <time
                    className="reviews__time"
                    dateTime="2019-04-24"
                  >
                    April 2019
                  </time>
                </div>
              </li>
            </ul>
            
          </section>
        </div>
      </div>
      <section
        className="property__map map"
      >
        <Map
          activeCardCoords={
            Array [
              52.35514938496378,
              4.673877537499948,
            ]
          }
          currentCity="Amsterdam"
          currentOffers={
            Array [
              Object {
                "bedrooms": 3,
                "city": Object {
                  "location": Object {
                    "latitude": 52.370216,
                    "longitude": 4.895168,
                    "zoom": 10,
                  },
                  "name": "Amsterdam",
                },
                "description": "A quiet cozy and picturesque that hides behind a a river by the unique lightness of Amsterdam.",
                "goods": Array [
                  "Heating",
                  "Kitchen",
                  "Cable TV",
                ],
                "host": Object {
                  "avatar_url": "img/1.png",
                  "id": 3,
                  "is_pro": true,
                  "name": "Angelina",
                },
                "id": 1,
                "images": Array [
                  "img/1.png",
                  "img/2.png",
                ],
                "is_favorite": false,
                "is_premium": false,
                "location": Object {
                  "latitude": 52.35514938496378,
                  "longitude": 4.673877537499948,
                  "zoom": 8,
                },
                "max_adults": 4,
                "preview_image": "img/1.png",
                "price": 120,
                "rating": 4.8,
                "title": "Beautiful & luxurious studio at great location",
                "type": "apartment",
              },
            ]
          }
          isOffer={true}
        />
      </section>
    </section>
    <div
      className="container"
    >
      <section
        className="near-places places"
      >
        <h2
          className="near-places__title"
        >
          Other places in the neighbourhood
        </h2>
        <div
          className="near-places__list places__list"
        >
          
        </div>
      </section>
    </div>
  </main>
</div>
`;
